// Jest Snapshot v1, https://goo.gl/fbAQLP

exports[`Test FileUploadDialog component Snapshot test 1`] = `null`;
