// Jest Snapshot v1, https://goo.gl/fbAQLP

exports[`HealthScoreCard Component HealthScoreCard snapshot without instanceStatus 1`] = `
<div
  className="MuiPaper-root MuiPaper-elevation1 MuiCard-root width margin MuiPaper-rounded"
>
  <div
    className="MuiCardContent-root"
  >
    <div
      className={
        Object {
          "display": "flex",
          "justifyContent": "space-between",
        }
      }
    >
      <div>
        <div
          className="MuiBox-root MuiBox-root-31"
        >
          cardTitleWorkflowHealth
        </div>
        <div
          className="MuiBox-root MuiBox-root-32"
        >
          --
        </div>
      </div>
      <svg
        aria-hidden="true"
        className="MuiSvgIcon-root fontSize color"
        focusable="false"
        role="presentation"
        viewBox="0 0 24 24"
      >
        <path
          d="M12 2C6.48 2 2 6.48 2 12s4.48 10 10 10 10-4.48 10-10S17.52 2 12 2zM6.5 9L10 5.5 13.5 9H11v4H9V9H6.5zm11 6L14 18.5 10.5 15H13v-4h2v4h2.5z"
        />
      </svg>
    </div>
    <div
      className={
        Object {
          "display": "flex",
        }
      }
    >
      <div
        className="MuiBox-root MuiBox-root-42 marginRight"
      >
        Failed: 
        --
      </div>
      <div
        className="MuiBox-root MuiBox-root-43"
      >
        Started: 
        --
      </div>
    </div>
  </div>
</div>
`;
